**********************
Windows PowerShell transcript start
Start time: 20260813195607
Username: DESKTOP-FTDFS3S\HAMIDREZA
RunAs User: DESKTOP-FTDFS3S\HAMIDREZA
Configuration Name: 
Machine: DESKTOP-FTDFS3S (Microsoft Windows NT 10.0.26200.0)
Host Application: C:\WINDOWS\System32\WindowsPowerShell\v1.0\powershell.exe -Command try { [Console]::OutputEncoding=[System.Text.Encoding]::UTF8 } catch {}
$ErrorActionPreference='Stop'; $env:IDF_PATH='D:\Projects\Personal\Shahbaz board\.tooling\esp-idf-5.4.4'; $env:IDF_TOOLS_PATH='C:\Espressif'; $env:IDF_PYTHON_ENV_PATH='C:\Espressif\python_env\idf5.4_py3.11_env'; $env:ESP_ROM_ELF_DIR='C:\Espressif\tools\esp-rom-elfs\20241011'; $env:PATH='C:\Espressif\python_env\idf5.4_py3.11_env\Scripts;C:\Espressif\tools\xtensa-esp-elf\esp-14.2.0_20260121\xtensa-esp-elf\bin;C:\Tools\winlibs-gcc-16.2.0\mingw64\bin;' + $env:PATH; $python='C:\Espressif\python_env\idf5.4_py3.11_env\Scripts\python.exe'; $idfpy=Join-Path $env:IDF_PATH 'tools\idf.py'; $log='D:\Projects\Personal\Shahbaz board\artifacts\esp32-final-production-erase-flash-20260813.log'; Get-FileHash -Algorithm SHA256 .\build\bootloader\bootloader.bin,.\build\partition_table\partition-table.bin,.\build\shahbaz_sensor_usb_node.bin | Format-Table -AutoSize; Start-Transcript -LiteralPath $log -Force; try { & $python $idfpy -p COM9 erase-flash; if ($LASTEXITCODE -ne 0) { throw "Erase exited $LASTEXITCODE" }; & $python $idfpy -p COM9 flash; if ($LASTEXITCODE -ne 0) { throw "Flash exited $LASTEXITCODE" } } finally { Stop-Transcript }
Process ID: 8564
PSVersion: 5.1.26100.9168
PSEdition: Desktop
PSCompatibleVersions: 1.0, 2.0, 3.0, 4.0, 5.0, 5.1.26100.9168
BuildVersion: 10.0.26100.9168
CLRVersion: 4.0.30319.42000
WSManStackVersion: 3.0
PSRemotingProtocolVersion: 2.3
SerializationVersion: 1.1.0.1
**********************
Transcript started, output file is D:\Projects\Personal\Shahbaz board\artifacts\esp32-final-production-erase-flash-20260813.log


**********************
Windows PowerShell transcript end
End time: 20260813195629
**********************
