**********************
Windows PowerShell transcript start
Start time: 20260813195043
Username: DESKTOP-FTDFS3S\HAMIDREZA
RunAs User: DESKTOP-FTDFS3S\HAMIDREZA
Configuration Name: 
Machine: DESKTOP-FTDFS3S (Microsoft Windows NT 10.0.26200.0)
Host Application: C:\WINDOWS\System32\WindowsPowerShell\v1.0\powershell.exe -Command try { [Console]::OutputEncoding=[System.Text.Encoding]::UTF8 } catch {}
$ErrorActionPreference='Stop'; $env:IDF_PATH='D:\Projects\Personal\Shahbaz board\.tooling\esp-idf-5.4.4'; $env:IDF_TOOLS_PATH='C:\Espressif'; $env:IDF_PYTHON_ENV_PATH='C:\Espressif\python_env\idf5.4_py3.11_env'; $env:ESP_ROM_ELF_DIR='C:\Espressif\tools\esp-rom-elfs\20241011'; $env:PATH='C:\Espressif\python_env\idf5.4_py3.11_env\Scripts;C:\Espressif\tools\xtensa-esp-elf\esp-14.2.0_20260121\xtensa-esp-elf\bin;C:\Tools\winlibs-gcc-16.2.0\mingw64\bin;' + $env:PATH; $log='D:\Projects\Personal\Shahbaz board\artifacts\esp32-final-clean-production-build-20260813.log'; Start-Transcript -LiteralPath $log -Force; try { powershell.exe -NoProfile -ExecutionPolicy Bypass -File .\tools\build_esp32.ps1; if ($LASTEXITCODE -ne 0) { throw "Build wrapper exited $LASTEXITCODE" } } finally { Stop-Transcript }
Process ID: 6216
PSVersion: 5.1.26100.9168
PSEdition: Desktop
PSCompatibleVersions: 1.0, 2.0, 3.0, 4.0, 5.0, 5.1.26100.9168
BuildVersion: 10.0.26100.9168
CLRVersion: 4.0.30319.42000
WSManStackVersion: 3.0
PSRemotingProtocolVersion: 2.3
SerializationVersion: 1.1.0.1
**********************
Transcript started, output file is D:\Projects\Personal\Shahbaz board\artifacts\esp32-final-clean-production-build-20260813.log

**********************
Windows PowerShell transcript end
End time: 20260813195545
**********************
