**********************
Windows PowerShell transcript start
Start time: 20260813193036
Username: DESKTOP-FTDFS3S\CodexSandboxOffline
RunAs User: DESKTOP-FTDFS3S\CodexSandboxOffline
Configuration Name: 
Machine: DESKTOP-FTDFS3S (Microsoft Windows NT 10.0.26200.0)
Host Application: C:\WINDOWS\System32\WindowsPowerShell\v1.0\powershell.exe -NoProfile -Command try { [Console]::OutputEncoding=[System.Text.Encoding]::UTF8 } catch {}
$ErrorActionPreference='Stop'; $env:PATH='C:\Tools\winlibs-gcc-16.2.0\mingw64\bin;C:\Users\HAMIDREZA\AppData\Local\Programs\Python\Python314;' + $env:PATH; $log='D:\Projects\Personal\Shahbaz board\artifacts\host-regression-after-i2c-mapping-fix-20260813.log'; Start-Transcript -LiteralPath $log -Force; try { powershell.exe -NoProfile -ExecutionPolicy Bypass -File .\tools\run_host_tests.ps1; if ($LASTEXITCODE -ne 0) { throw "Host suite exited $LASTEXITCODE" } } finally { Stop-Transcript }
Process ID: 8204
PSVersion: 5.1.26100.9168
PSEdition: Desktop
PSCompatibleVersions: 1.0, 2.0, 3.0, 4.0, 5.0, 5.1.26100.9168
BuildVersion: 10.0.26100.9168
CLRVersion: 4.0.30319.42000
WSManStackVersion: 3.0
PSRemotingProtocolVersion: 2.3
SerializationVersion: 1.1.0.1
**********************
Transcript started, output file is D:\Projects\Personal\Shahbaz board\artifacts\host-regression-after-i2c-mapping-fix-20260813.log

**********************
Windows PowerShell transcript end
End time: 20260813193102
**********************
