**********************
Windows PowerShell transcript start
Start time: 20260813195721
Username: DESKTOP-FTDFS3S\CodexSandboxOffline
RunAs User: DESKTOP-FTDFS3S\CodexSandboxOffline
Configuration Name: 
Machine: DESKTOP-FTDFS3S (Microsoft Windows NT 10.0.26200.0)
Host Application: C:\WINDOWS\System32\WindowsPowerShell\v1.0\powershell.exe -NoProfile -Command try { [Console]::OutputEncoding=[System.Text.Encoding]::UTF8 } catch {}
$log='D:\Projects\Personal\Shahbaz board\artifacts\windows-usb-port-inventory-final-20260813.log'; Start-Transcript -LiteralPath $log -Force; try { "TIMESTAMP=$(Get-Date -Format o)"; "SERIAL_PORTS=$(([System.IO.Ports.SerialPort]::GetPortNames() | Sort-Object) -join ',')"; & 'C:\Users\HAMIDREZA\.platformio\penv\Scripts\python.exe' -m serial.tools.list_ports -v; pnputil.exe /enum-devices /connected /class Ports; pnputil.exe /enum-devices /instanceid 'USB\VID_303A&PID_4001\123456' /properties; pnputil.exe /enum-devices /instanceid 'USB\VID_303A&PID_4001&MI_00\6&182c0ac9&0&0000' /properties } finally { Stop-Transcript }
Process ID: 2784
PSVersion: 5.1.26100.9168
PSEdition: Desktop
PSCompatibleVersions: 1.0, 2.0, 3.0, 4.0, 5.0, 5.1.26100.9168
BuildVersion: 10.0.26100.9168
CLRVersion: 4.0.30319.42000
WSManStackVersion: 3.0
PSRemotingProtocolVersion: 2.3
SerializationVersion: 1.1.0.1
**********************
Transcript started, output file is D:\Projects\Personal\Shahbaz board\artifacts\windows-usb-port-inventory-final-20260813.log
TIMESTAMP=2026-08-13T19:57:21.5456142+03:30
SERIAL_PORTS=COM3,COM4,COM9




**********************
Windows PowerShell transcript end
End time: 20260813195721
**********************
